// Jest Snapshot v1, https://goo.gl/fbAQLP

exports[`matches snapshot 1`] = `
<DocumentFragment>
  <div>
    <h1>
      Boxes
    </h1>
    <form>
      <label
        for="color"
      >
        Color: 
      </label>
      <input
        id="color"
        name="color"
        placeholder="Ex: red"
        type="text"
        value=""
      />
      <label
        for="width"
      >
        Width: 
      </label>
      <input
        id="width"
        name="width"
        placeholder="100px"
        type="text"
        value=""
      />
      <label
        for="height"
      >
        Height: 
      </label>
      <input
        id="height"
        name="height"
        placeholder="100px"
        type="text"
        value=""
      />
      <button>
        Add Box!
      </button>
    </form>
    <div>
      <div
        style="background-color: red; width: 100px; height: 100px;"
      />
      <button>
        X
      </button>
    </div>
  </div>
</DocumentFragment>
`;
